A51 MACRO ASSEMBLER  SPEAKER                                                              03/14/2022 14:43:46 PAGE     1


MACRO ASSEMBLER A51 V8.2.7.0
OBJECT MODULE PLACED IN .\Objects\Speaker.obj
ASSEMBLER INVOKED BY: C:\Keil_v5\C51\BIN\A51.EXE Speaker.a51 SET(SMALL) DEBUG PRINT(.\Listings\Speaker.lst) OBJECT(.\Obj
                      ects\Speaker.obj) EP

LOC  OBJ            LINE     SOURCE

                       1     ; This subroutine writes characters on the LCD
  00A0                 2     LCD_data equ P2    ;LCD Data port
  0080                 3     LCD_rs   equ P0.0  ;LCD Register Select
  0081                 4     LCD_rw   equ P0.1  ;LCD Read/Write
  0082                 5     LCD_en   equ P0.2  ;LCD Enable
                       6     
0000                   7     ORG 0000H
0000 020200            8     ljmp START
                       9     
0200                  10     org 200h
0200                  11     START:
0200 75A000           12           mov P2,#00h
0203 759000           13           mov P1,#00h
                      14               ;initial delay for lcd power up
                      15     
                      16             ;here1:setb p1.0
0206 5180             17               acall delay_LCD
                      18             ;clr p1.0
0208 5180             19               acall delay_LCD
                      20             ;sjmp here1
                      21     
                      22     
020A 5115             23               acall lcd_init      ;initialise LCD
                      24             
020C 5180             25               acall delay_LCD
020E 5180             26               acall delay_LCD
0210 5180             27               acall delay_LCD
                      28     
0212 020350           29     LJMP RESET                               
                      30     
                      31     ;------------------------LCD Initialisation routine----------------------------------------
                             ------------
0215                  32     lcd_init:
0215 75A038           33              mov   LCD_data,#38H  ;Function set: 2 Line, 8-bit, 5x7 dots
0218 C280             34              clr   LCD_rs         ;Selected command register
021A C281             35              clr   LCD_rw         ;We are writing in instruction register
021C D282             36              setb  LCD_en         ;Enable H->L
021E 5180             37                      acall delay_LCD
0220 C282             38              clr   LCD_en
0222 5180             39                  acall delay_LCD
                      40     
0224 75A00C           41              mov   LCD_data,#0CH  ;Display on, Curson off
0227 C280             42              clr   LCD_rs         ;Selected instruction register
0229 C281             43              clr   LCD_rw         ;We are writing in instruction register
022B D282             44              setb  LCD_en         ;Enable H->L
022D 5180             45                      acall delay_LCD
022F C282             46              clr   LCD_en
                      47              
0231 5180             48                      acall delay_LCD
0233 75A001           49              mov   LCD_data,#01H  ;Clear LCD
0236 C280             50              clr   LCD_rs         ;Selected command register
0238 C281             51              clr   LCD_rw         ;We are writing in instruction register
023A D282             52              setb  LCD_en         ;Enable H->L
023C 5180             53                      acall delay_LCD
023E C282             54              clr   LCD_en
                      55              
0240 5180             56                      acall delay_LCD
A51 MACRO ASSEMBLER  SPEAKER                                                              03/14/2022 14:43:46 PAGE     2

                      57     
0242 75A006           58              mov   LCD_data,#06H  ;Entry mode, auto increment with no shift
0245 C280             59              clr   LCD_rs         ;Selected command register
0247 C281             60              clr   LCD_rw         ;We are writing in instruction register
0249 D282             61              setb  LCD_en         ;Enable H->L
024B 5180             62                      acall delay_LCD
024D C282             63              clr   LCD_en
                      64     
024F 5180             65                      acall delay_LCD
                      66              
0251 22               67              ret                  ;Return from routine
                      68     
                      69     ;-----------------------command sending routine-------------------------------------
0252                  70      lcd_command:
0252 F5A0             71              mov   LCD_data,A     ;Move the command to LCD port
0254 C280             72              clr   LCD_rs         ;Selected command register
0256 C281             73              clr   LCD_rw         ;We are writing in instruction register
0258 D282             74              setb  LCD_en         ;Enable H->L
025A 5180             75                      acall delay_LCD
025C C282             76              clr   LCD_en
025E 5180             77                      acall delay_LCD
                      78         
0260 22               79              ret  
                      80     ;-----------------------data sending routine-------------------------------------          
                                       
0261                  81      lcd_senddata:
0261 F5A0             82              mov   LCD_data,A     ;Move the command to LCD port
0263 D280             83              setb  LCD_rs         ;Selected data register
0265 C281             84              clr   LCD_rw         ;We are writing
0267 D282             85              setb  LCD_en         ;Enable H->L
0269 5180             86                      acall delay_LCD
026B C282             87              clr   LCD_en
026D 5180             88              acall delay_LCD
026F 5180             89                      acall delay_LCD
0271 22               90              ret                  ;Return from busy routine
                      91     
                      92     ;-----------------------text strings sending routine-------------------------------------
0272                  93     lcd_sendstring:
0272 C0E0             94             push 0e0h
0274                  95             lcd_sendstring_loop:
0274 E4               96                      clr   a                 ;clear Accumulator for any previous data
0275 93               97                      movc  a,@a+dptr         ;load the first character in accumulator
0276 6005             98                      jz    exit              ;go to exit if zero
0278 5161             99                      acall lcd_senddata      ;send first char
027A A3              100                      inc   dptr              ;increment data pointer
027B 80F7            101                      sjmp  LCD_sendstring_loop    ;jump back to send the next character
027D D0E0            102     exit:    pop 0e0h
027F 22              103              ret                     ;End of routine
                     104     
                     105     ;----------------------delay routine-----------------------------------------------------
0280 C000            106     delay_LCD:       push 0
0282 C001            107              push 1
0284 7801            108              mov r0,#1
0286 79FF            109     loop2:   mov r1,#255
0288 D9FE            110              loop3:  djnz r1, loop3
028A D8FA            111              djnz r0, loop2
028C D001            112              pop 1
028E D000            113              pop 0 
0290 22              114              ret
                     115     
                     116     ;------------- ROM text strings------------------------------------------------------------
                             ---
0300                 117     org 300h
0300                 118     my_string1:
0300 524F4C4C        119              DB   "ROLLING TIME", 00H
0304 494E4720                
A51 MACRO ASSEMBLER  SPEAKER                                                              03/14/2022 14:43:46 PAGE     3

0308 54494D45                
030C 00                      
                     120     
000B                 121     ORG 000BH
000B 1203DD          122     LCALL INTTIMER
000E 32              123     RETI
                     124     
0350                 125     ORG 350H
0350                 126     RESET:
0350 7482            127               mov a,#82h             ;Put cursor on first row,5 column
0352 5152            128               acall lcd_command      ;send command to LCD
0354 5180            129               acall delay_LCD
0356 900300          130               mov   dptr,#my_string1   ;Load DPTR with sring1 Addr
0359 5172            131               acall lcd_sendstring     ;call text strings sending routine
035B 5180            132               acall delay_LCD
                     133               
035D 75A882          134     MOV IE, #82H
0360 758811          135     MOV TCON, #11H
0363 758C00          136     MOV TH0, #00H
0366 758AC0          137     MOV TL0, #0C0H
                     138     
0369 71BA            139     ACALL N1
036B 7B02            140     MOV R3, #02H  
036D 7C03            141     MOV R4, #03H  
036F 71EC            142     ACALL DELAY_250ms
0371 71FD            143     ACALL FREQ1
                     144     
0373 71C1            145     ACALL N2
0375 7B02            146     MOV R3, #02H
0377 7C03            147     MOV R4, #03H
0379 71EC            148     ACALL DELAY_250ms
037B 912B            149     ACALL FREQ2
                     150     
037D 71C8            151     ACALL N3
037F 7B02            152     MOV R3, #02H
0381 7C03            153     MOV R4, #03H
0383 71EC            154     ACALL DELAY_250ms
0385 9159            155     ACALL FREQ3
                     156     
0387 71C1            157     ACALL N2
0389 7B02            158     MOV R3, #02H
038B 7C03            159     MOV R4, #03H
038D 71EC            160     ACALL DELAY_250ms
038F 912B            161     ACALL FREQ2
                     162     
0391 71CF            163     ACALL N4
0393 7B03            164     MOV R3, #03H
0395 7C04            165     MOV R4, #04H
0397 71EC            166     ACALL DELAY_250ms
0399 9187            167     ACALL FREQ4
                     168     
039B 7B01            169     MOV R3, #01H
039D 7C02            170     MOV R4, #02H
039F 71EC            171     ACALL DELAY_250ms
03A1 91E3            172     ACALL SILENCE
                     173     
03A3 71CF            174     ACALL N4
03A5 7B03            175     MOV R3, #03H
03A7 7C04            176     MOV R4, #04H
03A9 71EC            177     ACALL DELAY_250ms
03AB 9187            178     ACALL FREQ4
                     179     
03AD 71D6            180     ACALL N5
03AF 7B03            181     MOV R3, #03H
03B1 7C04            182     MOV R4, #04H
03B3 71EC            183     ACALL DELAY_250ms
A51 MACRO ASSEMBLER  SPEAKER                                                              03/14/2022 14:43:46 PAGE     4

03B5 91B5            184     ACALL FREQ5
                     185     
03B7 0204E7          186     LJMP TRUE_END
                     187     
03BA                 188     N1:
03BA 758D73          189     MOV TH1, #073H
03BD 758BEF          190     MOV TL1, #0EFH
03C0 22              191     RET
                     192     
03C1                 193     N2:
03C1 758D83          194     MOV TH1, #083H
03C4 758B19          195     MOV TL1, #019H
03C7 22              196     RET
                     197     
03C8                 198     N3:
03C8 758D96          199     MOV TH1, #096H
03CB 758B2A          200     MOV TL1, #02AH
03CE 22              201     RET 
                     202     
03CF                 203     N4:
03CF 758DAC          204     MOV TH1, #0ACH
03D2 758B74          205     MOV TL1, #074H
03D5 22              206     RET
                     207     
03D6                 208     N5:
03D6 758DA2          209     MOV TH1, #0A2H
03D9 758B50          210     MOV TL1, #050H
03DC 22              211     RET
                     212     
03DD                 213     INTTIMER:
03DD EA              214     MOV A, R2
03DE 6002            215     JZ RTWOZERO
03E0 DA10            216     DJNZ R2, LOP1
03E2                 217     RTWOZERO:
03E2 BA0006          218     CJNE R2, #00H, CONT
03E5 1C              219     DEC R4
03E6 EB              220     MOV A, R3
03E7 6002            221     JZ CONT
03E9 DB01            222     DJNZ R3, DELAY_250ms
03EB                 223     CONT:
03EB 22              224     RET
                     225     
03EC                 226     DELAY_250ms:
03EC 1203F0          227             LCALL CLK
03EF 22              228             RET
                     229             
03F0                 230     CLK:
03F0 7A5B            231             MOV R2,#05BH
03F2                 232     LOP1:   
03F2 C28D            233         CLR TF0
                     234             
03F4                 235     TIMER:
03F4 758C00          236         MOV TH0, #00H
03F7 758AC0          237         MOV TL0, #0C0H
03FA D28C            238         SETB TR0
03FC 22              239         RET
                     240     
03FD                 241     FREQ1:
03FD                 242     CYCLE1:
03FD 758000          243         MOV P0, #00H
0400 753001          244         MOV 30H, #1H
0403 A830            245             MOV R0, 30H
0405 D287            246             SETB P0.7       
0407 120415          247             LCALL DELAYF
                     248             
040A                 249     CYCLE2:
A51 MACRO ASSEMBLER  SPEAKER                                                              03/14/2022 14:43:46 PAGE     5

040A A830            250             MOV R0, 30H
040C C287            251             CLR P0.7
040E 120415          252             LCALL DELAYF
0411 BC00E9          253             CJNE R4, #00H, FREQ1
0414 22              254             RET
                     255             
0415                 256     DELAYF: 
0415 12041B          257             LCALL CLK1
0418 D8FB            258             DJNZ R0, DELAYF 
041A 22              259             RET
                     260             
041B                 261     CLK1:
041B 7902            262             MOV R1,#02H
041D                 263     LP1:    
041D C28F            264         CLR TF1
041F 71BA            265             ACALL N1
0421 D901            266         DJNZ R1, TIMER1
0423 22              267             RET
                     268             
0424                 269     TIMER1: 
0424 D28E            270         SETB TR1
                     271     
0426 308FFD          272     LP: JNB TF1, LP
0429 80F2            273         JMP LP1
                     274     
042B                 275     FREQ2:
042B                 276     CYCLE12:
042B 758000          277         MOV P0, #00H
042E 753001          278         MOV 30H, #1H
0431 A830            279             MOV R0, 30H
0433 D287            280             SETB P0.7       
0435 120443          281             LCALL DELAYF2
                     282             
0438                 283     CYCLE22:
0438 A830            284             MOV R0, 30H
043A C287            285             CLR P0.7
043C 120443          286             LCALL DELAYF2
043F BC00E9          287             CJNE R4, #00H, FREQ2
0442 22              288             RET
                     289             
0443                 290     DELAYF2:        
0443 120449          291             LCALL CLK12
0446 D8FB            292             DJNZ R0, DELAYF2 
0448 22              293             RET
                     294             
0449                 295     CLK12:
0449 7902            296             MOV R1,#02H
044B                 297     LP12:   
044B C28F            298         CLR TF1
044D 71C1            299             ACALL N2
044F D901            300         DJNZ R1, TIMER12
0451 22              301             RET
                     302             
0452                 303     TIMER12:        
0452 D28E            304         SETB TR1
                     305     
0454 308FFD          306     LP2: JNB TF1, LP2
0457 80F2            307         JMP LP12
                     308             
0459                 309     FREQ3:
0459                 310     CYCLE13:
0459 758000          311         MOV P0, #00H
045C 753001          312         MOV 30H, #1H
045F A830            313             MOV R0, 30H
0461 D287            314             SETB P0.7       
0463 120471          315             LCALL DELAYF3
A51 MACRO ASSEMBLER  SPEAKER                                                              03/14/2022 14:43:46 PAGE     6

                     316             
0466                 317     CYCLE23:
0466 A830            318             MOV R0, 30H
0468 C287            319             CLR P0.7
046A 120471          320             LCALL DELAYF3
046D BC00E9          321             CJNE R4, #00H, FREQ3
0470 22              322             RET
                     323             
0471                 324     DELAYF3:        
0471 120479          325             LCALL CLK13
0474 71C8            326             ACALL N3
0476 D8F9            327             DJNZ R0, DELAYF3 
0478 22              328             RET
                     329             
0479                 330     CLK13:
0479 7902            331             MOV R1,#02H
047B                 332     LP13:   
047B C28F            333         CLR TF1
047D D901            334         DJNZ R1, TIMER13
047F 22              335             RET
                     336             
0480                 337     TIMER13:        
0480 D28E            338         SETB TR1
                     339     
0482 308FFD          340     LP3: JNB TF1, LP3
0485 80F4            341         JMP LP13
                     342     
0487                 343     FREQ4:
0487                 344     CYCLE14:
0487 758000          345         MOV P0, #00H
048A 753001          346         MOV 30H, #1H
048D A830            347             MOV R0, 30H
048F D287            348             SETB P0.7       
0491 12049F          349             LCALL DELAYF4
                     350             
0494                 351     CYCLE24:
0494 A830            352             MOV R0, 30H
0496 C287            353             CLR P0.7
0498 12049F          354             LCALL DELAYF4
049B BC00E9          355             CJNE R4, #00H, FREQ4
049E 22              356             RET
                     357             
049F                 358     DELAYF4:        
049F 1204A5          359             LCALL CLK14
04A2 D8FB            360             DJNZ R0, DELAYF4 
04A4 22              361             RET
                     362             
04A5                 363     CLK14:
04A5 7902            364             MOV R1,#02H
04A7                 365     LP14:   
04A7 C28F            366         CLR TF1
04A9 71CF            367             ACALL N4
04AB D901            368         DJNZ R1, TIMER14
04AD 22              369             RET
                     370     
04AE                 371     TIMER14:        
04AE D28E            372         SETB TR1
                     373     
04B0 308FFD          374     LP4: JNB TF1, LP4
04B3 80F2            375         JMP LP14
                     376     
04B5                 377     FREQ5:
04B5                 378     CYCLE15:
04B5 758000          379         MOV P0, #00H
04B8 753001          380         MOV 30H, #1H
04BB A830            381             MOV R0, 30H
A51 MACRO ASSEMBLER  SPEAKER                                                              03/14/2022 14:43:46 PAGE     7

04BD D287            382             SETB P0.7       
04BF 1204CD          383             LCALL DELAYF5
                     384             
04C2                 385     CYCLE25:
04C2 A830            386             MOV R0, 30H
04C4 C287            387             CLR P0.7
04C6 1204CD          388             LCALL DELAYF5
04C9 BC00E9          389             CJNE R4, #00H, FREQ5
04CC 22              390             RET
                     391             
04CD                 392     DELAYF5:        
04CD 1204D3          393             LCALL CLK15
04D0 D8FB            394             DJNZ R0, DELAYF5 
04D2 22              395             RET
                     396             
04D3                 397     CLK15:
04D3 7902            398             MOV R1,#02H
04D5                 399     LP15:   
04D5 C28F            400         CLR TF1
04D7 71D6            401             ACALL N5
04D9 D901            402         DJNZ R1, TIMER15
04DB 22              403             RET
                     404             
04DC                 405     TIMER15:        
04DC D28E            406         SETB TR1
                     407     
04DE 308FFD          408     LP5: JNB TF1, LP5
04E1 80F2            409         JMP LP15
                     410             
                     411     
04E3                 412     SILENCE: 
04E3 BC00FD          413     CJNE R4, #00H, SILENCE
04E6 22              414     RET
                     415     
04E7                 416     TRUE_END:
                     417     END
A51 MACRO ASSEMBLER  SPEAKER                                                              03/14/2022 14:43:46 PAGE     8

SYMBOL TABLE LISTING
------ ----- -------


N A M E              T Y P E  V A L U E   ATTRIBUTES

CLK . . . . . . . .  C ADDR   03F0H   A   
CLK1. . . . . . . .  C ADDR   041BH   A   
CLK12 . . . . . . .  C ADDR   0449H   A   
CLK13 . . . . . . .  C ADDR   0479H   A   
CLK14 . . . . . . .  C ADDR   04A5H   A   
CLK15 . . . . . . .  C ADDR   04D3H   A   
CONT. . . . . . . .  C ADDR   03EBH   A   
CYCLE1. . . . . . .  C ADDR   03FDH   A   
CYCLE12 . . . . . .  C ADDR   042BH   A   
CYCLE13 . . . . . .  C ADDR   0459H   A   
CYCLE14 . . . . . .  C ADDR   0487H   A   
CYCLE15 . . . . . .  C ADDR   04B5H   A   
CYCLE2. . . . . . .  C ADDR   040AH   A   
CYCLE22 . . . . . .  C ADDR   0438H   A   
CYCLE23 . . . . . .  C ADDR   0466H   A   
CYCLE24 . . . . . .  C ADDR   0494H   A   
CYCLE25 . . . . . .  C ADDR   04C2H   A   
DELAYF. . . . . . .  C ADDR   0415H   A   
DELAYF2 . . . . . .  C ADDR   0443H   A   
DELAYF3 . . . . . .  C ADDR   0471H   A   
DELAYF4 . . . . . .  C ADDR   049FH   A   
DELAYF5 . . . . . .  C ADDR   04CDH   A   
DELAY_250MS . . . .  C ADDR   03ECH   A   
DELAY_LCD . . . . .  C ADDR   0280H   A   
EXIT. . . . . . . .  C ADDR   027DH   A   
FREQ1 . . . . . . .  C ADDR   03FDH   A   
FREQ2 . . . . . . .  C ADDR   042BH   A   
FREQ3 . . . . . . .  C ADDR   0459H   A   
FREQ4 . . . . . . .  C ADDR   0487H   A   
FREQ5 . . . . . . .  C ADDR   04B5H   A   
IE. . . . . . . . .  D ADDR   00A8H   A   
INTTIMER. . . . . .  C ADDR   03DDH   A   
LCD_COMMAND . . . .  C ADDR   0252H   A   
LCD_DATA. . . . . .  D ADDR   00A0H   A   
LCD_EN. . . . . . .  B ADDR   0080H.2 A   
LCD_INIT. . . . . .  C ADDR   0215H   A   
LCD_RS. . . . . . .  B ADDR   0080H.0 A   
LCD_RW. . . . . . .  B ADDR   0080H.1 A   
LCD_SENDDATA. . . .  C ADDR   0261H   A   
LCD_SENDSTRING. . .  C ADDR   0272H   A   
LCD_SENDSTRING_LOOP  C ADDR   0274H   A   
LOOP2 . . . . . . .  C ADDR   0286H   A   
LOOP3 . . . . . . .  C ADDR   0288H   A   
LOP1. . . . . . . .  C ADDR   03F2H   A   
LP. . . . . . . . .  C ADDR   0426H   A   
LP1 . . . . . . . .  C ADDR   041DH   A   
LP12. . . . . . . .  C ADDR   044BH   A   
LP13. . . . . . . .  C ADDR   047BH   A   
LP14. . . . . . . .  C ADDR   04A7H   A   
LP15. . . . . . . .  C ADDR   04D5H   A   
LP2 . . . . . . . .  C ADDR   0454H   A   
LP3 . . . . . . . .  C ADDR   0482H   A   
LP4 . . . . . . . .  C ADDR   04B0H   A   
LP5 . . . . . . . .  C ADDR   04DEH   A   
MY_STRING1. . . . .  C ADDR   0300H   A   
N1. . . . . . . . .  C ADDR   03BAH   A   
N2. . . . . . . . .  C ADDR   03C1H   A   
N3. . . . . . . . .  C ADDR   03C8H   A   
N4. . . . . . . . .  C ADDR   03CFH   A   
N5. . . . . . . . .  C ADDR   03D6H   A   
A51 MACRO ASSEMBLER  SPEAKER                                                              03/14/2022 14:43:46 PAGE     9

P0. . . . . . . . .  D ADDR   0080H   A   
P1. . . . . . . . .  D ADDR   0090H   A   
P2. . . . . . . . .  D ADDR   00A0H   A   
RESET . . . . . . .  C ADDR   0350H   A   
RTWOZERO. . . . . .  C ADDR   03E2H   A   
SILENCE . . . . . .  C ADDR   04E3H   A   
START . . . . . . .  C ADDR   0200H   A   
TCON. . . . . . . .  D ADDR   0088H   A   
TF0 . . . . . . . .  B ADDR   0088H.5 A   
TF1 . . . . . . . .  B ADDR   0088H.7 A   
TH0 . . . . . . . .  D ADDR   008CH   A   
TH1 . . . . . . . .  D ADDR   008DH   A   
TIMER . . . . . . .  C ADDR   03F4H   A   
TIMER1. . . . . . .  C ADDR   0424H   A   
TIMER12 . . . . . .  C ADDR   0452H   A   
TIMER13 . . . . . .  C ADDR   0480H   A   
TIMER14 . . . . . .  C ADDR   04AEH   A   
TIMER15 . . . . . .  C ADDR   04DCH   A   
TL0 . . . . . . . .  D ADDR   008AH   A   
TL1 . . . . . . . .  D ADDR   008BH   A   
TR0 . . . . . . . .  B ADDR   0088H.4 A   
TR1 . . . . . . . .  B ADDR   0088H.6 A   
TRUE_END. . . . . .  C ADDR   04E7H   A   


REGISTER BANK(S) USED: 0 


ASSEMBLY COMPLETE.  0 WARNING(S), 0 ERROR(S)
